Docker Machine 是一种可以让您在虚拟主机上安装 Docker 的工具，并可以使用 docker-machine 命令来管理主机。
Docker Machine 也可以集中管理所有的 docker 主机，比如快速的给 100 台服务器安装上 docker
安装 Docker Machine 之前你需要先安装 Docker。
Docker Machine 可以在多种平台上安装使用，包括 Linux 、MacOS 以及 windows


列出可用的机器
$ docker-machine ls

创建一台名为 test 的机器，--driver：指定用来创建机器的驱动类型，这里是 virtualbox
$ docker-machine create --driver virtualbox test


查看test机器的 ip
$ docker-machine ip test

启动test机器
$ docker-machine start test

停止test机器
$ docker-machine stop test

进入test机器
$ docker-machine ssh test

查看test 机器的host
$ echo $DOCKER_HOST
输出：tcp://192.168.99.101:2376


查看当前激活状态的 Docker 主机
$ docker-machine active



命令列表
config：查看当前激活状态 Docker 主机的连接信息。
create：创建 Docker 主机
env：显示连接到某个主机需要的环境变量
inspect： 以 json 格式输出指定Docker的详细信息
ip： 获取指定 Docker 主机的地址
kill： 直接杀死指定的 Docker 主机
ls： 列出所有的管理主机
provision： 重新配置指定主机
regenerate-certs： 为某个主机重新生成 TLS 信息
restart： 重启指定的主机
rm： 删除某台 Docker 主机，对应的虚拟机也会被删除
ssh： 通过 SSH 连接到主机上，执行命令
scp： 在 Docker 主机之间以及 Docker 主机和本地主机之间通过 scp 远程复制数据
mount： 使用 SSHFS 从计算机装载或卸载目录
start： 启动一个指定的 Docker 主机，如果对象是个虚拟机，该虚拟机将被启动
status： 获取指定 Docker 主机的状态(包括：Running、Paused、Saved、Stopped、Stopping、Starting、Error)等
stop： 停止一个指定的 Docker 主机
upgrade： 将一个指定主机的 Docker 版本更新为最新
url： 获取指定 Docker 主机的监听 URL
version： 显示 Docker Machine 的版本或者主机 Docker 版本
help： 显示帮助信息


windows 目录到 linux 虚拟机的挂载，进而再解决 docker 宿主机 (linux) 目录到 docker 容器的目录映射。
命令方式
1. ssh 登录到 docker 宿主机
$ docker-machine ssh defualt

2.在宿主机上挂载 windows 共享目录
$ sudo mkdir -p /mnt/src
$ sudo mount -t vboxsf -o defaults,uid=`id -u docker`,gid=`id -g docker` src /mnt/src

3.配置宿主机在启动时挂载 windows 共享目录
$ sudo touch /mnt/sda1/var/lib/boot2docker/bootlocal.sh
$ sudo vi /mnt/sda1/var/lib/boot2docker/bootlocal.sh

virtualbox 设置共享目录方式
打开virtualbox --> 设置 --> 共享文件夹 --> 添加共享文件夹
设置【共享文件夹路径】和【共享文件夹名称】，并设置【自动挂载】和【固定分配】



注意：在Docker ToolBox 工具中docker compose 命令是 docker-compose